Archive member included to satisfy reference by file (symbol)

c:/st/stm32cubeide_1.0.2/stm32cubeide/plugins/com.st.stm32cube.ide.mcu.externaltools.gnu-tools-for-stm32.7-2018-q2-update.win32_1.0.0.201904181610/tools/bin/../lib/gcc/arm-none-eabi/7.3.1/../../../../arm-none-eabi/lib/thumb/v7-m\libc_nano.a(lib_a-errno.o)
                              Src/syscalls.o (__errno)
c:/st/stm32cubeide_1.0.2/stm32cubeide/plugins/com.st.stm32cube.ide.mcu.externaltools.gnu-tools-for-stm32.7-2018-q2-update.win32_1.0.0.201904181610/tools/bin/../lib/gcc/arm-none-eabi/7.3.1/../../../../arm-none-eabi/lib/thumb/v7-m\libc_nano.a(lib_a-exit.o)
                              c:/st/stm32cubeide_1.0.2/stm32cubeide/plugins/com.st.stm32cube.ide.mcu.externaltools.gnu-tools-for-stm32.7-2018-q2-update.win32_1.0.0.201904181610/tools/bin/../lib/gcc/arm-none-eabi/7.3.1/../../../../arm-none-eabi/lib/thumb/v7-m/crt0.o (exit)
c:/st/stm32cubeide_1.0.2/stm32cubeide/plugins/com.st.stm32cube.ide.mcu.externaltools.gnu-tools-for-stm32.7-2018-q2-update.win32_1.0.0.201904181610/tools/bin/../lib/gcc/arm-none-eabi/7.3.1/../../../../arm-none-eabi/lib/thumb/v7-m\libc_nano.a(lib_a-impure.o)
                              c:/st/stm32cubeide_1.0.2/stm32cubeide/plugins/com.st.stm32cube.ide.mcu.externaltools.gnu-tools-for-stm32.7-2018-q2-update.win32_1.0.0.201904181610/tools/bin/../lib/gcc/arm-none-eabi/7.3.1/../../../../arm-none-eabi/lib/thumb/v7-m\libc_nano.a(lib_a-exit.o) (_global_impure_ptr)
c:/st/stm32cubeide_1.0.2/stm32cubeide/plugins/com.st.stm32cube.ide.mcu.externaltools.gnu-tools-for-stm32.7-2018-q2-update.win32_1.0.0.201904181610/tools/bin/../lib/gcc/arm-none-eabi/7.3.1/../../../../arm-none-eabi/lib/thumb/v7-m\libc_nano.a(lib_a-init.o)
                              c:/st/stm32cubeide_1.0.2/stm32cubeide/plugins/com.st.stm32cube.ide.mcu.externaltools.gnu-tools-for-stm32.7-2018-q2-update.win32_1.0.0.201904181610/tools/bin/../lib/gcc/arm-none-eabi/7.3.1/../../../../arm-none-eabi/lib/thumb/v7-m/crt0.o (__libc_init_array)
c:/st/stm32cubeide_1.0.2/stm32cubeide/plugins/com.st.stm32cube.ide.mcu.externaltools.gnu-tools-for-stm32.7-2018-q2-update.win32_1.0.0.201904181610/tools/bin/../lib/gcc/arm-none-eabi/7.3.1/../../../../arm-none-eabi/lib/thumb/v7-m\libc_nano.a(lib_a-memset.o)
                              c:/st/stm32cubeide_1.0.2/stm32cubeide/plugins/com.st.stm32cube.ide.mcu.externaltools.gnu-tools-for-stm32.7-2018-q2-update.win32_1.0.0.201904181610/tools/bin/../lib/gcc/arm-none-eabi/7.3.1/../../../../arm-none-eabi/lib/thumb/v7-m/crt0.o (memset)
c:/st/stm32cubeide_1.0.2/stm32cubeide/plugins/com.st.stm32cube.ide.mcu.externaltools.gnu-tools-for-stm32.7-2018-q2-update.win32_1.0.0.201904181610/tools/bin/../lib/gcc/arm-none-eabi/7.3.1/../../../../arm-none-eabi/lib/thumb/v7-m\libc_nano.a(lib_a-strlen.o)
                              Src/brailleMatrix.o (strlen)
c:/st/stm32cubeide_1.0.2/stm32cubeide/plugins/com.st.stm32cube.ide.mcu.externaltools.gnu-tools-for-stm32.7-2018-q2-update.win32_1.0.0.201904181610/tools/bin/../lib/gcc/arm-none-eabi/7.3.1/thumb/v7-m\libgcc.a(_arm_addsubdf3.o)
                              Src/DCMotors.o (__aeabi_i2d)
c:/st/stm32cubeide_1.0.2/stm32cubeide/plugins/com.st.stm32cube.ide.mcu.externaltools.gnu-tools-for-stm32.7-2018-q2-update.win32_1.0.0.201904181610/tools/bin/../lib/gcc/arm-none-eabi/7.3.1/thumb/v7-m\libgcc.a(_arm_cmpdf2.o)
                              Src/DCMotors.o (__aeabi_dcmplt)

Allocating common symbols
Common symbol       size              file

keyboard            0x44              Src/main.o
buffer_char         0x1e              Src/main.o
uwTick              0x4               Drivers/STM32F1xx_HAL_Driver/Src/stm32f1xx_hal.o
motorZ              0x10              Src/main.o
pFlash              0x20              Drivers/STM32F1xx_HAL_Driver/Src/stm32f1xx_hal_flash.o
motorX              0x1c              Src/main.o
htim1               0x40              Src/tim.o
buffer_braille      0x4               Src/main.o
htim2               0x40              Src/tim.o
motorY              0x1c              Src/main.o

Discarded input sections

 .text          0x0000000000000000        0x0 c:/st/stm32cubeide_1.0.2/stm32cubeide/plugins/com.st.stm32cube.ide.mcu.externaltools.gnu-tools-for-stm32.7-2018-q2-update.win32_1.0.0.201904181610/tools/bin/../lib/gcc/arm-none-eabi/7.3.1/thumb/v7-m/crti.o
 .data          0x0000000000000000        0x0 c:/st/stm32cubeide_1.0.2/stm32cubeide/plugins/com.st.stm32cube.ide.mcu.externaltools.gnu-tools-for-stm32.7-2018-q2-update.win32_1.0.0.201904181610/tools/bin/../lib/gcc/arm-none-eabi/7.3.1/thumb/v7-m/crti.o
 .bss           0x0000000000000000        0x0 c:/st/stm32cubeide_1.0.2/stm32cubeide/plugins/com.st.stm32cube.ide.mcu.externaltools.gnu-tools-for-stm32.7-2018-q2-update.win32_1.0.0.201904181610/tools/bin/../lib/gcc/arm-none-eabi/7.3.1/thumb/v7-m/crti.o
[...]
Memory Configuration

Name             Origin             Length             Attributes
RAM              0x0000000020000000 0x0000000000005000 xrw
FLASH            0x0000000008000000 0x0000000000010000 xr
*default*        0x0000000000000000 0xffffffffffffffff

Linker script and memory map

LOAD c:/st/stm32cubeide_1.0.2/stm32cubeide/plugins/com.st.stm32cube.ide.mcu.externaltools.gnu-tools-for-stm32.7-2018-q2-update.win32_1.0.0.201904181610/tools/bin/../lib/gcc/arm-none-eabi/7.3.1/thumb/v7-m/crti.o
LOAD c:/st/stm32cubeide_1.0.2/stm32cubeide/plugins/com.st.stm32cube.ide.mcu.externaltools.gnu-tools-for-stm32.7-2018-q2-update.win32_1.0.0.201904181610/tools/bin/../lib/gcc/arm-none-eabi/7.3.1/thumb/v7-m/crtbegin.o
LOAD c:/st/stm32cubeide_1.0.2/stm32cubeide/plugins/com.st.stm32cube.ide.mcu.externaltools.gnu-tools-for-stm32.7-2018-q2-update.win32_1.0.0.201904181610/tools/bin/../lib/gcc/arm-none-eabi/7.3.1/../../../../arm-none-eabi/lib/thumb/v7-m/crt0.o
LOAD Drivers/STM32F1xx_HAL_Driver/Src/stm32f1xx_hal.o
LOAD Drivers/STM32F1xx_HAL_Driver/Src/stm32f1xx_hal_cortex.o
LOAD Drivers/STM32F1xx_HAL_Driver/Src/stm32f1xx_hal_dma.o
LOAD Drivers/STM32F1xx_HAL_Driver/Src/stm32f1xx_hal_exti.o
LOAD Drivers/STM32F1xx_HAL_Driver/Src/stm32f1xx_hal_flash.o
LOAD Drivers/STM32F1xx_HAL_Driver/Src/stm32f1xx_hal_flash_ex.o
LOAD Drivers/STM32F1xx_HAL_Driver/Src/stm32f1xx_hal_gpio.o
LOAD Drivers/STM32F1xx_HAL_Driver/Src/stm32f1xx_hal_gpio_ex.o
LOAD Drivers/STM32F1xx_HAL_Driver/Src/stm32f1xx_hal_pwr.o
LOAD Drivers/STM32F1xx_HAL_Driver/Src/stm32f1xx_hal_rcc.o
LOAD Drivers/STM32F1xx_HAL_Driver/Src/stm32f1xx_hal_rcc_ex.o
LOAD Drivers/STM32F1xx_HAL_Driver/Src/stm32f1xx_hal_tim.o
LOAD Drivers/STM32F1xx_HAL_Driver/Src/stm32f1xx_hal_tim_ex.o
LOAD Src/DCMotors.o
LOAD Src/PS2Keyboard.o
LOAD Src/brailleMatrix.o
LOAD Src/gpio.o
LOAD Src/main.o
LOAD Src/stm32f1xx_hal_msp.o
LOAD Src/stm32f1xx_it.o
LOAD Src/sys.o
LOAD Src/syscalls.o
LOAD Src/sysmem.o
LOAD Src/system_stm32f1xx.o
LOAD Src/tim.o
LOAD Startup/startup_stm32f103c8tx.o
START GROUP
LOAD c:/st/stm32cubeide_1.0.2/stm32cubeide/plugins/com.st.stm32cube.ide.mcu.externaltools.gnu-tools-for-stm32.7-2018-q2-update.win32_1.0.0.201904181610/tools/bin/../lib/gcc/arm-none-eabi/7.3.1/../../../../arm-none-eabi/lib/thumb/v7-m\libc_nano.a
LOAD c:/st/stm32cubeide_1.0.2/stm32cubeide/plugins/com.st.stm32cube.ide.mcu.externaltools.gnu-tools-for-stm32.7-2018-q2-update.win32_1.0.0.201904181610/tools/bin/../lib/gcc/arm-none-eabi/7.3.1/../../../../arm-none-eabi/lib/thumb/v7-m\libm.a
END GROUP
START GROUP
LOAD c:/st/stm32cubeide_1.0.2/stm32cubeide/plugins/com.st.stm32cube.ide.mcu.externaltools.gnu-tools-for-stm32.7-2018-q2-update.win32_1.0.0.201904181610/tools/bin/../lib/gcc/arm-none-eabi/7.3.1/thumb/v7-m\libgcc.a
LOAD c:/st/stm32cubeide_1.0.2/stm32cubeide/plugins/com.st.stm32cube.ide.mcu.externaltools.gnu-tools-for-stm32.7-2018-q2-update.win32_1.0.0.201904181610/tools/bin/../lib/gcc/arm-none-eabi/7.3.1/../../../../arm-none-eabi/lib/thumb/v7-m\libc_nano.a
END GROUP
START GROUP
LOAD c:/st/stm32cubeide_1.0.2/stm32cubeide/plugins/com.st.stm32cube.ide.mcu.externaltools.gnu-tools-for-stm32.7-2018-q2-update.win32_1.0.0.201904181610/tools/bin/../lib/gcc/arm-none-eabi/7.3.1/thumb/v7-m\libgcc.a
LOAD c:/st/stm32cubeide_1.0.2/stm32cubeide/plugins/com.st.stm32cube.ide.mcu.externaltools.gnu-tools-for-stm32.7-2018-q2-update.win32_1.0.0.201904181610/tools/bin/../lib/gcc/arm-none-eabi/7.3.1/../../../../arm-none-eabi/lib/thumb/v7-m\libc_nano.a
LOAD c:/st/stm32cubeide_1.0.2/stm32cubeide/plugins/com.st.stm32cube.ide.mcu.externaltools.gnu-tools-for-stm32.7-2018-q2-update.win32_1.0.0.201904181610/tools/bin/../lib/gcc/arm-none-eabi/7.3.1/../../../../arm-none-eabi/lib/thumb/v7-m\libnosys.a
END GROUP
START GROUP
LOAD c:/st/stm32cubeide_1.0.2/stm32cubeide/plugins/com.st.stm32cube.ide.mcu.externaltools.gnu-tools-for-stm32.7-2018-q2-update.win32_1.0.0.201904181610/tools/bin/../lib/gcc/arm-none-eabi/7.3.1/thumb/v7-m\libgcc.a
LOAD c:/st/stm32cubeide_1.0.2/stm32cubeide/plugins/com.st.stm32cube.ide.mcu.externaltools.gnu-tools-for-stm32.7-2018-q2-update.win32_1.0.0.201904181610/tools/bin/../lib/gcc/arm-none-eabi/7.3.1/../../../../arm-none-eabi/lib/thumb/v7-m\libc_nano.a
LOAD c:/st/stm32cubeide_1.0.2/stm32cubeide/plugins/com.st.stm32cube.ide.mcu.externaltools.gnu-tools-for-stm32.7-2018-q2-update.win32_1.0.0.201904181610/tools/bin/../lib/gcc/arm-none-eabi/7.3.1/../../../../arm-none-eabi/lib/thumb/v7-m\libnosys.a
END GROUP
LOAD c:/st/stm32cubeide_1.0.2/stm32cubeide/plugins/com.st.stm32cube.ide.mcu.externaltools.gnu-tools-for-stm32.7-2018-q2-update.win32_1.0.0.201904181610/tools/bin/../lib/gcc/arm-none-eabi/7.3.1/thumb/v7-m/crtend.o
LOAD c:/st/stm32cubeide_1.0.2/stm32cubeide/plugins/com.st.stm32cube.ide.mcu.externaltools.gnu-tools-for-stm32.7-2018-q2-update.win32_1.0.0.201904181610/tools/bin/../lib/gcc/arm-none-eabi/7.3.1/thumb/v7-m/crtn.o
                0x0000000020005000                _estack = 0x20005000
                0x0000000000000200                _Min_Heap_Size = 0x200
                0x0000000000000400                _Min_Stack_Size = 0x400

.isr_vector     0x0000000008000000      0x10c
                0x0000000008000000                . = ALIGN (0x4)
 *(.isr_vector)
 .isr_vector    0x0000000008000000      0x10c Startup/startup_stm32f103c8tx.o
                0x0000000008000000                g_pfnVectors
                0x000000000800010c                . = ALIGN (0x4)

.text           0x000000000800010c     0x2830
                0x000000000800010c                . = ALIGN (0x4)
 *(.text)
 .text          0x000000000800010c       0x40 c:/st/stm32cubeide_1.0.2/stm32cubeide/plugins/com.st.stm32cube.ide.mcu.externaltools.gnu-tools-for-stm32.7-2018-q2-update.win32_1.0.0.201904181610/tools/bin/../lib/gcc/arm-none-eabi/7.3.1/thumb/v7-m/crtbegin.o
 .text          0x000000000800014c       0x10 c:/st/stm32cubeide_1.0.2/stm32cubeide/plugins/com.st.stm32cube.ide.mcu.externaltools.gnu-tools-for-stm32.7-2018-q2-update.win32_1.0.0.201904181610/tools/bin/../lib/gcc/arm-none-eabi/7.3.1/../../../../arm-none-eabi/lib/thumb/v7-m\libc_nano.a(lib_a-strlen.o)
                0x000000000800014c                strlen
 .text          0x000000000800015c      0x378 c:/st/stm32cubeide_1.0.2/stm32cubeide/plugins/com.st.stm32cube.ide.mcu.externaltools.gnu-tools-for-stm32.7-2018-q2-update.win32_1.0.0.201904181610/tools/bin/../lib/gcc/arm-none-eabi/7.3.1/thumb/v7-m\libgcc.a(_arm_addsubdf3.o)
                0x000000000800015c                __aeabi_drsub
                0x0000000008000164                __aeabi_dsub
                0x0000000008000164                __subdf3
                0x0000000008000168                __aeabi_dadd
                0x0000000008000168                __adddf3
                0x00000000080003e0                __floatunsidf
                0x00000000080003e0                __aeabi_ui2d
                0x0000000008000400                __floatsidf
                0x0000000008000400                __aeabi_i2d
                0x0000000008000424                __aeabi_f2d
                0x0000000008000424                __extendsfdf2
                0x0000000008000468                __floatundidf
                0x0000000008000468                __aeabi_ul2d
                0x0000000008000478                __floatdidf
                0x0000000008000478                __aeabi_l2d
 .text          0x00000000080004d4      0x110 c:/st/stm32cubeide_1.0.2/stm32cubeide/plugins/com.st.stm32cube.ide.mcu.externaltools.gnu-tools-for-stm32.7-2018-q2-update.win32_1.0.0.201904181610/tools/bin/../lib/gcc/arm-none-eabi/7.3.1/thumb/v7-m\libgcc.a(_arm_cmpdf2.o)
                0x00000000080004d4                __gtdf2
                0x00000000080004d4                __gedf2
                0x00000000080004dc                __ltdf2
                0x00000000080004dc                __ledf2
                0x00000000080004e4                __nedf2
                0x00000000080004e4                __eqdf2
                0x00000000080004e4                __cmpdf2
                0x0000000008000560                __aeabi_cdrcmple
                0x0000000008000570                __aeabi_cdcmpeq
                0x0000000008000570                __aeabi_cdcmple
                0x0000000008000580                __aeabi_dcmpeq
                0x0000000008000594                __aeabi_dcmplt
                0x00000000080005a8                __aeabi_dcmple
                0x00000000080005bc                __aeabi_dcmpge
                0x00000000080005d0                __aeabi_dcmpgt
 *(.text*)
 .text.HAL_Init
                0x00000000080005e4       0x2c Drivers/STM32F1xx_HAL_Driver/Src/stm32f1xx_hal.o
                0x00000000080005e4                HAL_Init
 .text.HAL_InitTick
                0x0000000008000610       0x60 Drivers/STM32F1xx_HAL_Driver/Src/stm32f1xx_hal.o
                0x0000000008000610                HAL_InitTick
 .text.HAL_IncTick
                0x0000000008000670       0x24 Drivers/STM32F1xx_HAL_Driver/Src/stm32f1xx_hal.o
                0x0000000008000670                HAL_IncTick
 .text.HAL_GetTick
                0x0000000008000694       0x14 Drivers/STM32F1xx_HAL_Driver/Src/stm32f1xx_hal.o
                0x0000000008000694                HAL_GetTick
 .text.HAL_Delay
                0x00000000080006a8       0x44 Drivers/STM32F1xx_HAL_Driver/Src/stm32f1xx_hal.o
                0x00000000080006a8                HAL_Delay
 .text.__NVIC_SetPriorityGrouping
                0x00000000080006ec       0x48 Drivers/STM32F1xx_HAL_Driver/Src/stm32f1xx_hal_cortex.o
 .text.__NVIC_GetPriorityGrouping
                0x0000000008000734       0x1c Drivers/STM32F1xx_HAL_Driver/Src/stm32f1xx_hal_cortex.o
 .text.__NVIC_EnableIRQ
                0x0000000008000750       0x38 Drivers/STM32F1xx_HAL_Driver/Src/stm32f1xx_hal_cortex.o
 .text.__NVIC_SetPriority
                0x0000000008000788       0x54 Drivers/STM32F1xx_HAL_Driver/Src/stm32f1xx_hal_cortex.o
 .text.NVIC_EncodePriority
                0x00000000080007dc       0x64 Drivers/STM32F1xx_HAL_Driver/Src/stm32f1xx_hal_cortex.o
 .text.SysTick_Config
                0x0000000008000840       0x44 Drivers/STM32F1xx_HAL_Driver/Src/stm32f1xx_hal_cortex.o
 .text.HAL_NVIC_SetPriorityGrouping
                0x0000000008000884       0x16 Drivers/STM32F1xx_HAL_Driver/Src/stm32f1xx_hal_cortex.o
                0x0000000008000884                HAL_NVIC_SetPriorityGrouping
 .text.HAL_NVIC_SetPriority
                0x000000000800089a       0x38 Drivers/STM32F1xx_HAL_Driver/Src/stm32f1xx_hal_cortex.o
                0x000000000800089a                HAL_NVIC_SetPriority
 .text.HAL_NVIC_EnableIRQ
                0x00000000080008d2       0x1c Drivers/STM32F1xx_HAL_Driver/Src/stm32f1xx_hal_cortex.o
                0x00000000080008d2                HAL_NVIC_EnableIRQ
 .text.HAL_SYSTICK_Config
                0x00000000080008ee       0x18 Drivers/STM32F1xx_HAL_Driver/Src/stm32f1xx_hal_cortex.o
                0x00000000080008ee                HAL_SYSTICK_Config
 *fill*         0x0000000008000906        0x2 
 .text.HAL_GPIO_Init
                0x0000000008000908      0x2b4 Drivers/STM32F1xx_HAL_Driver/Src/stm32f1xx_hal_gpio.o
                0x0000000008000908                HAL_GPIO_Init
 .text.HAL_GPIO_ReadPin
                0x0000000008000bbc       0x2e Drivers/STM32F1xx_HAL_Driver/Src/stm32f1xx_hal_gpio.o
                0x0000000008000bbc                HAL_GPIO_ReadPin
 .text.HAL_GPIO_WritePin
                0x0000000008000bea       0x30 Drivers/STM32F1xx_HAL_Driver/Src/stm32f1xx_hal_gpio.o
                0x0000000008000bea                HAL_GPIO_WritePin
 *fill*         0x0000000008000c1a        0x2 
 .text.HAL_GPIO_EXTI_IRQHandler
                0x0000000008000c1c       0x30 Drivers/STM32F1xx_HAL_Driver/Src/stm32f1xx_hal_gpio.o
                0x0000000008000c1c                HAL_GPIO_EXTI_IRQHandler
 .text.HAL_GPIO_EXTI_Callback
                0x0000000008000c4c       0x14 Drivers/STM32F1xx_HAL_Driver/Src/stm32f1xx_hal_gpio.o
                0x0000000008000c4c                HAL_GPIO_EXTI_Callback
 .text.HAL_RCC_OscConfig
                0x0000000008000c60      0x500 Drivers/STM32F1xx_HAL_Driver/Src/stm32f1xx_hal_rcc.o
                0x0000000008000c60                HAL_RCC_OscConfig
 .text.HAL_RCC_ClockConfig
                0x0000000008001160      0x1d4 Drivers/STM32F1xx_HAL_Driver/Src/stm32f1xx_hal_rcc.o
                0x0000000008001160                HAL_RCC_ClockConfig
 .text.HAL_RCC_GetSysClockFreq
                0x0000000008001334       0xc4 Drivers/STM32F1xx_HAL_Driver/Src/stm32f1xx_hal_rcc.o
                0x0000000008001334                HAL_RCC_GetSysClockFreq
 .text.RCC_Delay
                0x00000000080013f8       0x3c Drivers/STM32F1xx_HAL_Driver/Src/stm32f1xx_hal_rcc.o
 .text.HAL_TIM_Encoder_Init
                0x0000000008001434      0x11c Drivers/STM32F1xx_HAL_Driver/Src/stm32f1xx_hal_tim.o
                0x0000000008001434                HAL_TIM_Encoder_Init
 .text.HAL_TIM_Encoder_Start
                0x0000000008001550       0x6e Drivers/STM32F1xx_HAL_Driver/Src/stm32f1xx_hal_tim.o
                0x0000000008001550                HAL_TIM_Encoder_Start
 *fill*         0x00000000080015be        0x2 
 .text.TIM_Base_SetConfig
                0x00000000080015c0       0xc4 Drivers/STM32F1xx_HAL_Driver/Src/stm32f1xx_hal_tim.o
                0x00000000080015c0                TIM_Base_SetConfig
 .text.TIM_CCxChannelCmd
                0x0000000008001684       0x48 Drivers/STM32F1xx_HAL_Driver/Src/stm32f1xx_hal_tim.o
                0x0000000008001684                TIM_CCxChannelCmd
 .text.HAL_TIMEx_MasterConfigSynchronization
                0x00000000080016cc       0x88 Drivers/STM32F1xx_HAL_Driver/Src/stm32f1xx_hal_tim_ex.o
                0x00000000080016cc                HAL_TIMEx_MasterConfigSynchronization
 .text.motorBegin
                0x0000000008001754       0x84 Src/DCMotors.o
                0x0000000008001754                motorBegin
 .text.myABS    0x00000000080017d8       0x3a Src/DCMotors.o
                0x00000000080017d8                myABS
 *fill*         0x0000000008001812        0x2 
 .text.updateAxis
                0x0000000008001814      0x120 Src/DCMotors.o
                0x0000000008001814                updateAxis
 .text.motorForward
                0x0000000008001934       0x58 Src/DCMotors.o
                0x0000000008001934                motorForward
 .text.motorBackward
                0x000000000800198c       0x5c Src/DCMotors.o
                0x000000000800198c                motorBackward
 .text.pierce   0x00000000080019e8       0x28 Src/DCMotors.o
                0x00000000080019e8                pierce
 .text.ps2interrupt
                0x0000000008001a10       0xd8 Src/PS2Keyboard.o
                0x0000000008001a10                ps2interrupt
 .text.get_scan_code
                0x0000000008001ae8       0x4e Src/PS2Keyboard.o
 *fill*         0x0000000008001b36        0x2 
 .text.get_iso8859_code
                0x0000000008001b38      0x2b4 Src/PS2Keyboard.o
 .text.keyboardAvailable
                0x0000000008001dec       0x48 Src/PS2Keyboard.o
                0x0000000008001dec                keyboardAvailable
 .text.keyboardClear
                0x0000000008001e34       0x22 Src/PS2Keyboard.o
                0x0000000008001e34                keyboardClear
 .text.keyboardRead
                0x0000000008001e56       0x86 Src/PS2Keyboard.o
                0x0000000008001e56                keyboardRead
 .text.keyboardBegin
                0x0000000008001edc       0x60 Src/PS2Keyboard.o
                0x0000000008001edc                keyboardBegin
 .text.fillLineWithBraille
                0x0000000008001f3c       0xa0 Src/brailleMatrix.o
                0x0000000008001f3c                fillLineWithBraille
 .text.feedBuffer
                0x0000000008001fdc       0x44 Src/brailleMatrix.o
                0x0000000008001fdc                feedBuffer
 .text.clearBuffer
                0x0000000008002020       0x18 Src/brailleMatrix.o
                0x0000000008002020                clearBuffer
 .text.MX_GPIO_Init
                0x0000000008002038      0x130 Src/gpio.o
                0x0000000008002038                MX_GPIO_Init
 .text.interruption
                0x0000000008002168       0x14 Src/main.o
                0x0000000008002168                interruption
 .text.main     0x000000000800217c      0x2c4 Src/main.o
                0x000000000800217c                main
 .text.SystemClock_Config
                0x0000000008002440       0x76 Src/main.o
                0x0000000008002440                SystemClock_Config
 .text.Error_Handler
                0x00000000080024b6        0xc Src/main.o
                0x00000000080024b6                Error_Handler
 *fill*         0x00000000080024c2        0x2 
 .text.HAL_MspInit
                0x00000000080024c4       0x64 Src/stm32f1xx_hal_msp.o
                0x00000000080024c4                HAL_MspInit
 .text.NMI_Handler
                0x0000000008002528        0xc Src/stm32f1xx_it.o
                0x0000000008002528                NMI_Handler
 .text.HardFault_Handler
                0x0000000008002534        0x6 Src/stm32f1xx_it.o
                0x0000000008002534                HardFault_Handler
 .text.MemManage_Handler
                0x000000000800253a        0x6 Src/stm32f1xx_it.o
                0x000000000800253a                MemManage_Handler
 .text.BusFault_Handler
                0x0000000008002540        0x6 Src/stm32f1xx_it.o
                0x0000000008002540                BusFault_Handler
 .text.UsageFault_Handler
                0x0000000008002546        0x6 Src/stm32f1xx_it.o
                0x0000000008002546                UsageFault_Handler
 .text.SVC_Handler
                0x000000000800254c        0xc Src/stm32f1xx_it.o
                0x000000000800254c                SVC_Handler
 .text.DebugMon_Handler
                0x0000000008002558        0xc Src/stm32f1xx_it.o
                0x0000000008002558                DebugMon_Handler
 .text.PendSV_Handler
                0x0000000008002564        0xc Src/stm32f1xx_it.o
                0x0000000008002564                PendSV_Handler
 .text.SysTick_Handler
                0x0000000008002570        0xc Src/stm32f1xx_it.o
                0x0000000008002570                SysTick_Handler
 .text.EXTI9_5_IRQHandler
                0x000000000800257c       0x12 Src/stm32f1xx_it.o
                0x000000000800257c                EXTI9_5_IRQHandler
 *fill*         0x000000000800258e        0x2 
 .text.SystemInit
                0x0000000008002590       0x68 Src/system_stm32f1xx.o
                0x0000000008002590                SystemInit
 .text.MX_TIM1_Init
                0x00000000080025f8       0xb0 Src/tim.o
                0x00000000080025f8                MX_TIM1_Init
 .text.MX_TIM2_Init
                0x00000000080026a8       0xa8 Src/tim.o
                0x00000000080026a8                MX_TIM2_Init
 .text.HAL_TIM_Encoder_MspInit
                0x0000000008002750      0x130 Src/tim.o
                0x0000000008002750                HAL_TIM_Encoder_MspInit
 .text.Reset_Handler
                0x0000000008002880       0x48 Startup/startup_stm32f103c8tx.o
                0x0000000008002880                Reset_Handler
 .text.Default_Handler
                0x00000000080028c8        0x2 Startup/startup_stm32f103c8tx.o
                0x00000000080028c8                RTC_Alarm_IRQHandler
                0x00000000080028c8                EXTI2_IRQHandler
                0x00000000080028c8                TIM1_CC_IRQHandler
                0x00000000080028c8                PVD_IRQHandler
                0x00000000080028c8                EXTI3_IRQHandler
                0x00000000080028c8                EXTI0_IRQHandler
                0x00000000080028c8                I2C2_EV_IRQHandler
                0x00000000080028c8                ADC1_2_IRQHandler
                0x00000000080028c8                SPI1_IRQHandler
                0x00000000080028c8                TAMPER_IRQHandler
                0x00000000080028c8                DMA1_Channel4_IRQHandler
                0x00000000080028c8                USART3_IRQHandler
                0x00000000080028c8                RTC_IRQHandler
                0x00000000080028c8                DMA1_Channel7_IRQHandler
                0x00000000080028c8                CAN1_RX1_IRQHandler
                0x00000000080028c8                TIM4_IRQHandler
                0x00000000080028c8                I2C1_EV_IRQHandler
                0x00000000080028c8                DMA1_Channel6_IRQHandler
                0x00000000080028c8                TIM3_IRQHandler
                0x00000000080028c8                RCC_IRQHandler
                0x00000000080028c8                TIM1_TRG_COM_IRQHandler
                0x00000000080028c8                DMA1_Channel1_IRQHandler
                0x00000000080028c8                Default_Handler
                0x00000000080028c8                EXTI15_10_IRQHandler
                0x00000000080028c8                SPI2_IRQHandler
                0x00000000080028c8                DMA1_Channel5_IRQHandler
                0x00000000080028c8                EXTI4_IRQHandler
                0x00000000080028c8                USB_LP_CAN1_RX0_IRQHandler
                0x00000000080028c8                USB_HP_CAN1_TX_IRQHandler
                0x00000000080028c8                DMA1_Channel3_IRQHandler
                0x00000000080028c8                TIM1_UP_IRQHandler
                0x00000000080028c8                WWDG_IRQHandler
                0x00000000080028c8                TIM2_IRQHandler
                0x00000000080028c8                TIM1_BRK_IRQHandler
                0x00000000080028c8                EXTI1_IRQHandler
                0x00000000080028c8                USART2_IRQHandler
                0x00000000080028c8                I2C2_ER_IRQHandler
                0x00000000080028c8                DMA1_Channel2_IRQHandler
                0x00000000080028c8                CAN1_SCE_IRQHandler
                0x00000000080028c8                FLASH_IRQHandler
                0x00000000080028c8                USART1_IRQHandler
                0x00000000080028c8                I2C1_ER_IRQHandler
                0x00000000080028c8                USBWakeUp_IRQHandler
 *fill*         0x00000000080028ca        0x2 
 .text.__libc_init_array
                0x00000000080028cc       0x48 c:/st/stm32cubeide_1.0.2/stm32cubeide/plugins/com.st.stm32cube.ide.mcu.externaltools.gnu-tools-for-stm32.7-2018-q2-update.win32_1.0.0.201904181610/tools/bin/../lib/gcc/arm-none-eabi/7.3.1/../../../../arm-none-eabi/lib/thumb/v7-m\libc_nano.a(lib_a-init.o)
                0x00000000080028cc                __libc_init_array
 .text.memset   0x0000000008002914       0x10 c:/st/stm32cubeide_1.0.2/stm32cubeide/plugins/com.st.stm32cube.ide.mcu.externaltools.gnu-tools-for-stm32.7-2018-q2-update.win32_1.0.0.201904181610/tools/bin/../lib/gcc/arm-none-eabi/7.3.1/../../../../arm-none-eabi/lib/thumb/v7-m\libc_nano.a(lib_a-memset.o)
                0x0000000008002914                memset
 *(.glue_7)
 .glue_7        0x0000000008002924        0x0 linker stubs
 *(.glue_7t)
 .glue_7t       0x0000000008002924        0x0 linker stubs
 *(.eh_frame)
 .eh_frame      0x0000000008002924        0x0 c:/st/stm32cubeide_1.0.2/stm32cubeide/plugins/com.st.stm32cube.ide.mcu.externaltools.gnu-tools-for-stm32.7-2018-q2-update.win32_1.0.0.201904181610/tools/bin/../lib/gcc/arm-none-eabi/7.3.1/thumb/v7-m/crtbegin.o
 *(.init)
 .init          0x0000000008002924        0x4 c:/st/stm32cubeide_1.0.2/stm32cubeide/plugins/com.st.stm32cube.ide.mcu.externaltools.gnu-tools-for-stm32.7-2018-q2-update.win32_1.0.0.201904181610/tools/bin/../lib/gcc/arm-none-eabi/7.3.1/thumb/v7-m/crti.o
                0x0000000008002924                _init
 .init          0x0000000008002928        0x8 c:/st/stm32cubeide_1.0.2/stm32cubeide/plugins/com.st.stm32cube.ide.mcu.externaltools.gnu-tools-for-stm32.7-2018-q2-update.win32_1.0.0.201904181610/tools/bin/../lib/gcc/arm-none-eabi/7.3.1/thumb/v7-m/crtn.o
 *(.fini)
 .fini          0x0000000008002930        0x4 c:/st/stm32cubeide_1.0.2/stm32cubeide/plugins/com.st.stm32cube.ide.mcu.externaltools.gnu-tools-for-stm32.7-2018-q2-update.win32_1.0.0.201904181610/tools/bin/../lib/gcc/arm-none-eabi/7.3.1/thumb/v7-m/crti.o
                0x0000000008002930                _fini
 .fini          0x0000000008002934        0x8 c:/st/stm32cubeide_1.0.2/stm32cubeide/plugins/com.st.stm32cube.ide.mcu.externaltools.gnu-tools-for-stm32.7-2018-q2-update.win32_1.0.0.201904181610/tools/bin/../lib/gcc/arm-none-eabi/7.3.1/thumb/v7-m/crtn.o
                0x000000000800293c                . = ALIGN (0x4)
                0x000000000800293c                _etext = .

.vfp11_veneer   0x000000000800293c        0x0
 .vfp11_veneer  0x000000000800293c        0x0 linker stubs

.v4_bx          0x000000000800293c        0x0
 .v4_bx         0x000000000800293c        0x0 linker stubs

.iplt           0x000000000800293c        0x0
 .iplt          0x000000000800293c        0x0 c:/st/stm32cubeide_1.0.2/stm32cubeide/plugins/com.st.stm32cube.ide.mcu.externaltools.gnu-tools-for-stm32.7-2018-q2-update.win32_1.0.0.201904181610/tools/bin/../lib/gcc/arm-none-eabi/7.3.1/thumb/v7-m/crtbegin.o

.rodata         0x000000000800293c      0x138
                0x000000000800293c                . = ALIGN (0x4)
 *(.rodata)
 .rodata        0x000000000800293c       0x12 Drivers/STM32F1xx_HAL_Driver/Src/stm32f1xx_hal_rcc.o
 *(.rodata*)
 *fill*         0x000000000800294e        0x2 
 .rodata.PS2Keymap_US
                0x0000000008002950      0x114 Src/PS2Keyboard.o
                0x0000000008002950                PS2Keymap_US
 .rodata.AHBPrescTable
                0x0000000008002a64       0x10 Src/system_stm32f1xx.o
                0x0000000008002a64                AHBPrescTable
                0x0000000008002a74                . = ALIGN (0x4)

.rel.dyn        0x0000000008002a74        0x0
 .rel.iplt      0x0000000008002a74        0x0 c:/st/stm32cubeide_1.0.2/stm32cubeide/plugins/com.st.stm32cube.ide.mcu.externaltools.gnu-tools-for-stm32.7-2018-q2-update.win32_1.0.0.201904181610/tools/bin/../lib/gcc/arm-none-eabi/7.3.1/thumb/v7-m/crtbegin.o

.ARM.extab      0x0000000008002a74        0x0
                0x0000000008002a74                . = ALIGN (0x4)
 *(.ARM.extab* .gnu.linkonce.armextab.*)
                0x0000000008002a74                . = ALIGN (0x4)

.ARM            0x0000000008002a74        0x0
                0x0000000008002a74                . = ALIGN (0x4)
                0x0000000008002a74                __exidx_start = .
 *(.ARM.exidx*)
                0x0000000008002a74                __exidx_end = .
                0x0000000008002a74                . = ALIGN (0x4)

.preinit_array  0x0000000008002a74        0x0
                0x0000000008002a74                . = ALIGN (0x4)
                0x0000000008002a74                PROVIDE (__preinit_array_start = .)
 *(.preinit_array*)
                0x0000000008002a74                PROVIDE (__preinit_array_end = .)
                0x0000000008002a74                . = ALIGN (0x4)

.init_array     0x0000000008002a74        0x4
                0x0000000008002a74                . = ALIGN (0x4)
                0x0000000008002a74                PROVIDE (__init_array_start = .)
 *(SORT_BY_NAME(.init_array.*))
 *(.init_array*)
 .init_array    0x0000000008002a74        0x4 c:/st/stm32cubeide_1.0.2/stm32cubeide/plugins/com.st.stm32cube.ide.mcu.externaltools.gnu-tools-for-stm32.7-2018-q2-update.win32_1.0.0.201904181610/tools/bin/../lib/gcc/arm-none-eabi/7.3.1/thumb/v7-m/crtbegin.o
                0x0000000008002a78                PROVIDE (__init_array_end = .)
                0x0000000008002a78                . = ALIGN (0x4)

.fini_array     0x0000000008002a78        0x4
                0x0000000008002a78                . = ALIGN (0x4)
                [!provide]                        PROVIDE (__fini_array_start = .)
 *(SORT_BY_NAME(.fini_array.*))
 *(.fini_array*)
 .fini_array    0x0000000008002a78        0x4 c:/st/stm32cubeide_1.0.2/stm32cubeide/plugins/com.st.stm32cube.ide.mcu.externaltools.gnu-tools-for-stm32.7-2018-q2-update.win32_1.0.0.201904181610/tools/bin/../lib/gcc/arm-none-eabi/7.3.1/thumb/v7-m/crtbegin.o
                [!provide]                        PROVIDE (__fini_array_end = .)
                0x0000000008002a7c                . = ALIGN (0x4)
                0x0000000008002a7c                _sidata = LOADADDR (.data)

.data           0x0000000020000000       0xb8 load address 0x0000000008002a7c
                0x0000000020000000                . = ALIGN (0x4)
                0x0000000020000000                _sdata = .
 *(.data)
 *(.data*)
 .data.uwTickPrio
                0x0000000020000000        0x4 Drivers/STM32F1xx_HAL_Driver/Src/stm32f1xx_hal.o
                0x0000000020000000                uwTickPrio
 .data.uwTickFreq
                0x0000000020000004        0x1 Drivers/STM32F1xx_HAL_Driver/Src/stm32f1xx_hal.o
                0x0000000020000004                uwTickFreq
 *fill*         0x0000000020000005        0x3 
 .data.lettersBraille
                0x0000000020000008       0xa8 Src/brailleMatrix.o
 .data.pressedEnter
                0x00000000200000b0        0x1 Src/main.o
                0x00000000200000b0                pressedEnter
 *fill*         0x00000000200000b1        0x3 
 .data.SystemCoreClock
                0x00000000200000b4        0x4 Src/system_stm32f1xx.o
                0x00000000200000b4                SystemCoreClock
                0x00000000200000b8                . = ALIGN (0x4)
                0x00000000200000b8                _edata = .

.igot.plt       0x00000000200000b8        0x0 load address 0x0000000008002b34
 .igot.plt      0x00000000200000b8        0x0 c:/st/stm32cubeide_1.0.2/stm32cubeide/plugins/com.st.stm32cube.ide.mcu.externaltools.gnu-tools-for-stm32.7-2018-q2-update.win32_1.0.0.201904181610/tools/bin/../lib/gcc/arm-none-eabi/7.3.1/thumb/v7-m/crtbegin.o
                0x00000000200000b8                . = ALIGN (0x4)

.bss            0x00000000200000b8      0x158 load address 0x0000000008002b34
                0x00000000200000b8                _sbss = .
                0x00000000200000b8                __bss_start__ = _sbss
 *(.bss)
 .bss           0x00000000200000b8       0x1c c:/st/stm32cubeide_1.0.2/stm32cubeide/plugins/com.st.stm32cube.ide.mcu.externaltools.gnu-tools-for-stm32.7-2018-q2-update.win32_1.0.0.201904181610/tools/bin/../lib/gcc/arm-none-eabi/7.3.1/thumb/v7-m/crtbegin.o
 *(.bss*)
 .bss.prev_ms.6017
                0x00000000200000d4        0x4 Src/PS2Keyboard.o
 .bss.bitcount.6015
                0x00000000200000d8        0x1 Src/PS2Keyboard.o
 .bss.incoming.6016
                0x00000000200000d9        0x1 Src/PS2Keyboard.o
 .bss.state.6031
                0x00000000200000da        0x1 Src/PS2Keyboard.o
 *(COMMON)
 *fill*         0x00000000200000db        0x1 
 COMMON         0x00000000200000dc        0x4 Drivers/STM32F1xx_HAL_Driver/Src/stm32f1xx_hal.o
                0x00000000200000dc                uwTick
 COMMON         0x00000000200000e0       0xb0 Src/main.o
                0x00000000200000e0                keyboard
                0x0000000020000124                buffer_char
                0x0000000020000144                motorZ
                0x0000000020000154                motorX
                0x0000000020000170                buffer_braille
                0x0000000020000174                motorY
 COMMON         0x0000000020000190       0x80 Src/tim.o
                0x0000000020000190                htim1
                0x00000000200001d0                htim2
                0x0000000020000210                . = ALIGN (0x4)
                0x0000000020000210                _ebss = .
                0x0000000020000210                __bss_end__ = _ebss

._user_heap_stack
                0x0000000020000210      0x600 load address 0x0000000008002b34
                0x0000000020000210                . = ALIGN (0x8)
                0x0000000020000210                PROVIDE (end = .)
                [!provide]                        PROVIDE (_end = .)
                0x0000000020000410                . = (. + _Min_Heap_Size)
 *fill*         0x0000000020000210      0x200 
                0x0000000020000810                . = (. + _Min_Stack_Size)
 *fill*         0x0000000020000410      0x400 
                0x0000000020000810                . = ALIGN (0x8)

/DISCARD/
 libc.a(*)
 libm.a(*)
 libgcc.a(*)

.ARM.attributes
                0x0000000000000000       0x29
 *(.ARM.attributes)
 .ARM.attributes
                0x0000000000000000       0x1d c:/st/stm32cubeide_1.0.2/stm32cubeide/plugins/com.st.stm32cube.ide.mcu.externaltools.gnu-tools-for-stm32.7-2018-q2-update.win32_1.0.0.201904181610/tools/bin/../lib/gcc/arm-none-eabi/7.3.1/thumb/v7-m/crti.o
 .ARM.attributes
                0x000000000000001d       0x2d c:/st/stm32cubeide_1.0.2/stm32cubeide/plugins/com.st.stm32cube.ide.mcu.externaltools.gnu-tools-for-stm32.7-2018-q2-update.win32_1.0.0.201904181610/tools/bin/../lib/gcc/arm-none-eabi/7.3.1/thumb/v7-m/crtbegin.o
 .ARM.attributes
                0x000000000000004a       0x33 Drivers/STM32F1xx_HAL_Driver/Src/stm32f1xx_hal.o
 .ARM.attributes
                0x000000000000007d       0x33 Drivers/STM32F1xx_HAL_Driver/Src/stm32f1xx_hal_cortex.o
 .ARM.attributes
                0x00000000000000b0       0x33 Drivers/STM32F1xx_HAL_Driver/Src/stm32f1xx_hal_gpio.o
 .ARM.attributes
                0x00000000000000e3       0x33 Drivers/STM32F1xx_HAL_Driver/Src/stm32f1xx_hal_rcc.o
 .ARM.attributes
                0x0000000000000116       0x33 Drivers/STM32F1xx_HAL_Driver/Src/stm32f1xx_hal_tim.o
 .ARM.attributes
                0x0000000000000149       0x33 Drivers/STM32F1xx_HAL_Driver/Src/stm32f1xx_hal_tim_ex.o
 .ARM.attributes
                0x000000000000017c       0x33 Src/DCMotors.o
 .ARM.attributes
                0x00000000000001af       0x33 Src/PS2Keyboard.o
 .ARM.attributes
                0x00000000000001e2       0x33 Src/brailleMatrix.o
 .ARM.attributes
                0x0000000000000215       0x33 Src/gpio.o
 .ARM.attributes
                0x0000000000000248       0x33 Src/main.o
 .ARM.attributes
                0x000000000000027b       0x33 Src/stm32f1xx_hal_msp.o
 .ARM.attributes
                0x00000000000002ae       0x33 Src/stm32f1xx_it.o
 .ARM.attributes
                0x00000000000002e1       0x33 Src/system_stm32f1xx.o
 .ARM.attributes
                0x0000000000000314       0x33 Src/tim.o
 .ARM.attributes
                0x0000000000000347       0x21 Startup/startup_stm32f103c8tx.o
 .ARM.attributes
                0x0000000000000368       0x2d c:/st/stm32cubeide_1.0.2/stm32cubeide/plugins/com.st.stm32cube.ide.mcu.externaltools.gnu-tools-for-stm32.7-2018-q2-update.win32_1.0.0.201904181610/tools/bin/../lib/gcc/arm-none-eabi/7.3.1/../../../../arm-none-eabi/lib/thumb/v7-m\libc_nano.a(lib_a-init.o)
 .ARM.attributes
                0x0000000000000395       0x2d c:/st/stm32cubeide_1.0.2/stm32cubeide/plugins/com.st.stm32cube.ide.mcu.externaltools.gnu-tools-for-stm32.7-2018-q2-update.win32_1.0.0.201904181610/tools/bin/../lib/gcc/arm-none-eabi/7.3.1/../../../../arm-none-eabi/lib/thumb/v7-m\libc_nano.a(lib_a-memset.o)
 .ARM.attributes
                0x00000000000003c2       0x17 c:/st/stm32cubeide_1.0.2/stm32cubeide/plugins/com.st.stm32cube.ide.mcu.externaltools.gnu-tools-for-stm32.7-2018-q2-update.win32_1.0.0.201904181610/tools/bin/../lib/gcc/arm-none-eabi/7.3.1/../../../../arm-none-eabi/lib/thumb/v7-m\libc_nano.a(lib_a-strlen.o)
 .ARM.attributes
                0x00000000000003d9       0x1d c:/st/stm32cubeide_1.0.2/stm32cubeide/plugins/com.st.stm32cube.ide.mcu.externaltools.gnu-tools-for-stm32.7-2018-q2-update.win32_1.0.0.201904181610/tools/bin/../lib/gcc/arm-none-eabi/7.3.1/thumb/v7-m\libgcc.a(_arm_addsubdf3.o)
 .ARM.attributes
                0x00000000000003f6       0x1d c:/st/stm32cubeide_1.0.2/stm32cubeide/plugins/com.st.stm32cube.ide.mcu.externaltools.gnu-tools-for-stm32.7-2018-q2-update.win32_1.0.0.201904181610/tools/bin/../lib/gcc/arm-none-eabi/7.3.1/thumb/v7-m\libgcc.a(_arm_cmpdf2.o)
 .ARM.attributes
                0x0000000000000413       0x1d c:/st/stm32cubeide_1.0.2/stm32cubeide/plugins/com.st.stm32cube.ide.mcu.externaltools.gnu-tools-for-stm32.7-2018-q2-update.win32_1.0.0.201904181610/tools/bin/../lib/gcc/arm-none-eabi/7.3.1/thumb/v7-m/crtn.o
OUTPUT(eBTW2.elf elf32-littlearm)

.debug_info     0x0000000000000000     0x9a19
 .debug_info    0x0000000000000000      0x6fe Drivers/STM32F1xx_HAL_Driver/Src/stm32f1xx_hal.o
 .debug_info    0x00000000000006fe      0xb46 Drivers/STM32F1xx_HAL_Driver/Src/stm32f1xx_hal_cortex.o
 .debug_info    0x0000000000001244      0x681 Drivers/STM32F1xx_HAL_Driver/Src/stm32f1xx_hal_gpio.o
 .debug_info    0x00000000000018c5      0x804 Drivers/STM32F1xx_HAL_Driver/Src/stm32f1xx_hal_rcc.o
 .debug_info    0x00000000000020c9     0x2456 Drivers/STM32F1xx_HAL_Driver/Src/stm32f1xx_hal_tim.o
 .debug_info    0x000000000000451f     0x1104 Drivers/STM32F1xx_HAL_Driver/Src/stm32f1xx_hal_tim_ex.o
 .debug_info    0x0000000000005623      0x96f Src/DCMotors.o
 .debug_info    0x0000000000005f92      0x553 Src/PS2Keyboard.o
 .debug_info    0x00000000000064e5      0x978 Src/brailleMatrix.o
 .debug_info    0x0000000000006e5d      0x498 Src/gpio.o
 .debug_info    0x00000000000072f5     0x136a Src/main.o
 .debug_info    0x000000000000865f      0x2cb Src/stm32f1xx_hal_msp.o
 .debug_info    0x000000000000892a      0x287 Src/stm32f1xx_it.o
 .debug_info    0x0000000000008bb1      0x433 Src/system_stm32f1xx.o
 .debug_info    0x0000000000008fe4      0xa13 Src/tim.o
 .debug_info    0x00000000000099f7       0x22 Startup/startup_stm32f103c8tx.o

.debug_abbrev   0x0000000000000000     0x1aba
 .debug_abbrev  0x0000000000000000      0x1d8 Drivers/STM32F1xx_HAL_Driver/Src/stm32f1xx_hal.o
 .debug_abbrev  0x00000000000001d8      0x2d5 Drivers/STM32F1xx_HAL_Driver/Src/stm32f1xx_hal_cortex.o
 .debug_abbrev  0x00000000000004ad      0x1c0 Drivers/STM32F1xx_HAL_Driver/Src/stm32f1xx_hal_gpio.o
 .debug_abbrev  0x000000000000066d      0x243 Drivers/STM32F1xx_HAL_Driver/Src/stm32f1xx_hal_rcc.o
 .debug_abbrev  0x00000000000008b0      0x230 Drivers/STM32F1xx_HAL_Driver/Src/stm32f1xx_hal_tim.o
 .debug_abbrev  0x0000000000000ae0      0x21e Drivers/STM32F1xx_HAL_Driver/Src/stm32f1xx_hal_tim_ex.o
 .debug_abbrev  0x0000000000000cfe      0x187 Src/DCMotors.o
 .debug_abbrev  0x0000000000000e85      0x1c9 Src/PS2Keyboard.o
 .debug_abbrev  0x000000000000104e      0x1dc Src/brailleMatrix.o
 .debug_abbrev  0x000000000000122a      0x13d Src/gpio.o
 .debug_abbrev  0x0000000000001367      0x267 Src/main.o
 .debug_abbrev  0x00000000000015ce      0x109 Src/stm32f1xx_hal_msp.o
 .debug_abbrev  0x00000000000016d7       0xf3 Src/stm32f1xx_it.o
 .debug_abbrev  0x00000000000017ca      0x134 Src/system_stm32f1xx.o
 .debug_abbrev  0x00000000000018fe      0x1aa Src/tim.o
 .debug_abbrev  0x0000000000001aa8       0x12 Startup/startup_stm32f103c8tx.o

.debug_aranges  0x0000000000000000      0xa10
 .debug_aranges
                0x0000000000000000       0xe0 Drivers/STM32F1xx_HAL_Driver/Src/stm32f1xx_hal.o
 .debug_aranges
                0x00000000000000e0      0x100 Drivers/STM32F1xx_HAL_Driver/Src/stm32f1xx_hal_cortex.o
 .debug_aranges
                0x00000000000001e0       0x58 Drivers/STM32F1xx_HAL_Driver/Src/stm32f1xx_hal_gpio.o
 .debug_aranges
                0x0000000000000238       0x90 Drivers/STM32F1xx_HAL_Driver/Src/stm32f1xx_hal_rcc.o
 .debug_aranges
                0x00000000000002c8      0x3a8 Drivers/STM32F1xx_HAL_Driver/Src/stm32f1xx_hal_tim.o
 .debug_aranges
                0x0000000000000670      0x150 Drivers/STM32F1xx_HAL_Driver/Src/stm32f1xx_hal_tim_ex.o
 .debug_aranges
                0x00000000000007c0       0x58 Src/DCMotors.o
 .debug_aranges
                0x0000000000000818       0x60 Src/PS2Keyboard.o
 .debug_aranges
                0x0000000000000878       0x30 Src/brailleMatrix.o
 .debug_aranges
                0x00000000000008a8       0x20 Src/gpio.o
 .debug_aranges
                0x00000000000008c8       0x38 Src/main.o
 .debug_aranges
                0x0000000000000900       0x20 Src/stm32f1xx_hal_msp.o
 .debug_aranges
                0x0000000000000920       0x68 Src/stm32f1xx_it.o
 .debug_aranges
                0x0000000000000988       0x28 Src/system_stm32f1xx.o
 .debug_aranges
                0x00000000000009b0       0x38 Src/tim.o
 .debug_aranges
                0x00000000000009e8       0x28 Startup/startup_stm32f103c8tx.o

.debug_ranges   0x0000000000000000      0x930
 .debug_ranges  0x0000000000000000       0xd0 Drivers/STM32F1xx_HAL_Driver/Src/stm32f1xx_hal.o
 .debug_ranges  0x00000000000000d0       0xf0 Drivers/STM32F1xx_HAL_Driver/Src/stm32f1xx_hal_cortex.o
 .debug_ranges  0x00000000000001c0       0x48 Drivers/STM32F1xx_HAL_Driver/Src/stm32f1xx_hal_gpio.o
 .debug_ranges  0x0000000000000208       0x80 Drivers/STM32F1xx_HAL_Driver/Src/stm32f1xx_hal_rcc.o
 .debug_ranges  0x0000000000000288      0x398 Drivers/STM32F1xx_HAL_Driver/Src/stm32f1xx_hal_tim.o
 .debug_ranges  0x0000000000000620      0x140 Drivers/STM32F1xx_HAL_Driver/Src/stm32f1xx_hal_tim_ex.o
 .debug_ranges  0x0000000000000760       0x48 Src/DCMotors.o
 .debug_ranges  0x00000000000007a8       0x50 Src/PS2Keyboard.o
 .debug_ranges  0x00000000000007f8       0x20 Src/brailleMatrix.o
 .debug_ranges  0x0000000000000818       0x10 Src/gpio.o
 .debug_ranges  0x0000000000000828       0x40 Src/main.o
 .debug_ranges  0x0000000000000868       0x10 Src/stm32f1xx_hal_msp.o
 .debug_ranges  0x0000000000000878       0x58 Src/stm32f1xx_it.o
 .debug_ranges  0x00000000000008d0       0x18 Src/system_stm32f1xx.o
 .debug_ranges  0x00000000000008e8       0x28 Src/tim.o
 .debug_ranges  0x0000000000000910       0x20 Startup/startup_stm32f103c8tx.o

.debug_macro    0x0000000000000000    0x14f9d
 .debug_macro   0x0000000000000000      0x1b4 Drivers/STM32F1xx_HAL_Driver/Src/stm32f1xx_hal.o
 .debug_macro   0x00000000000001b4      0xa5a Drivers/STM32F1xx_HAL_Driver/Src/stm32f1xx_hal.o
 .debug_macro   0x0000000000000c0e      0x215 Drivers/STM32F1xx_HAL_Driver/Src/stm32f1xx_hal.o
 .debug_macro   0x0000000000000e23       0x2e Drivers/STM32F1xx_HAL_Driver/Src/stm32f1xx_hal.o
 .debug_macro   0x0000000000000e51       0x22 Drivers/STM32F1xx_HAL_Driver/Src/stm32f1xx_hal.o
 .debug_macro   0x0000000000000e73       0x22 Drivers/STM32F1xx_HAL_Driver/Src/stm32f1xx_hal.o
 .debug_macro   0x0000000000000e95       0x8e Drivers/STM32F1xx_HAL_Driver/Src/stm32f1xx_hal.o
 .debug_macro   0x0000000000000f23       0x51 Drivers/STM32F1xx_HAL_Driver/Src/stm32f1xx_hal.o
 .debug_macro   0x0000000000000f74       0xef Drivers/STM32F1xx_HAL_Driver/Src/stm32f1xx_hal.o
 .debug_macro   0x0000000000001063       0x6a Drivers/STM32F1xx_HAL_Driver/Src/stm32f1xx_hal.o
 .debug_macro   0x00000000000010cd      0x1df Drivers/STM32F1xx_HAL_Driver/Src/stm32f1xx_hal.o
 .debug_macro   0x00000000000012ac       0x1c Drivers/STM32F1xx_HAL_Driver/Src/stm32f1xx_hal.o
 .debug_macro   0x00000000000012c8       0x22 Drivers/STM32F1xx_HAL_Driver/Src/stm32f1xx_hal.o
 .debug_macro   0x00000000000012ea       0xc3 Drivers/STM32F1xx_HAL_Driver/Src/stm32f1xx_hal.o
 .debug_macro   0x00000000000013ad      0xd23 Drivers/STM32F1xx_HAL_Driver/Src/stm32f1xx_hal.o
 .debug_macro   0x00000000000020d0     0xe09e Drivers/STM32F1xx_HAL_Driver/Src/stm32f1xx_hal.o
 .debug_macro   0x000000000001016e       0x43 Drivers/STM32F1xx_HAL_Driver/Src/stm32f1xx_hal.o
 .debug_macro   0x00000000000101b1      0x174 Drivers/STM32F1xx_HAL_Driver/Src/stm32f1xx_hal.o
 .debug_macro   0x0000000000010325       0x5a Drivers/STM32F1xx_HAL_Driver/Src/stm32f1xx_hal.o
 .debug_macro   0x000000000001037f      0x5be Drivers/STM32F1xx_HAL_Driver/Src/stm32f1xx_hal.o
 .debug_macro   0x000000000001093d      0x289 Drivers/STM32F1xx_HAL_Driver/Src/stm32f1xx_hal.o
 .debug_macro   0x0000000000010bc6      0x1cb Drivers/STM32F1xx_HAL_Driver/Src/stm32f1xx_hal.o
 .debug_macro   0x0000000000010d91      0x114 Drivers/STM32F1xx_HAL_Driver/Src/stm32f1xx_hal.o
 .debug_macro   0x0000000000010ea5      0x1b2 Drivers/STM32F1xx_HAL_Driver/Src/stm32f1xx_hal.o
 .debug_macro   0x0000000000011057       0x27 Drivers/STM32F1xx_HAL_Driver/Src/stm32f1xx_hal.o
 .debug_macro   0x000000000001107e      0x136 Drivers/STM32F1xx_HAL_Driver/Src/stm32f1xx_hal.o
 .debug_macro   0x00000000000111b4      0x1bc Drivers/STM32F1xx_HAL_Driver/Src/stm32f1xx_hal.o
 .debug_macro   0x0000000000011370       0x34 Drivers/STM32F1xx_HAL_Driver/Src/stm32f1xx_hal.o
 .debug_macro   0x00000000000113a4       0x3c Drivers/STM32F1xx_HAL_Driver/Src/stm32f1xx_hal.o
 .debug_macro   0x00000000000113e0       0x57 Drivers/STM32F1xx_HAL_Driver/Src/stm32f1xx_hal.o
 .debug_macro   0x0000000000011437       0x88 Drivers/STM32F1xx_HAL_Driver/Src/stm32f1xx_hal.o
 .debug_macro   0x00000000000114bf      0x241 Drivers/STM32F1xx_HAL_Driver/Src/stm32f1xx_hal.o
 .debug_macro   0x0000000000011700      0x141 Drivers/STM32F1xx_HAL_Driver/Src/stm32f1xx_hal.o
 .debug_macro   0x0000000000011841      0x88b Drivers/STM32F1xx_HAL_Driver/Src/stm32f1xx_hal.o
 .debug_macro   0x00000000000120cc       0x83 Drivers/STM32F1xx_HAL_Driver/Src/stm32f1xx_hal.o
 .debug_macro   0x000000000001214f      0x190 Drivers/STM32F1xx_HAL_Driver/Src/stm32f1xx_hal_cortex.o
 .debug_macro   0x00000000000122df      0x1fb Drivers/STM32F1xx_HAL_Driver/Src/stm32f1xx_hal_gpio.o
 .debug_macro   0x00000000000124da      0x1a2 Drivers/STM32F1xx_HAL_Driver/Src/stm32f1xx_hal_rcc.o
 .debug_macro   0x000000000001267c      0x191 Drivers/STM32F1xx_HAL_Driver/Src/stm32f1xx_hal_tim.o
 .debug_macro   0x000000000001280d      0x190 Drivers/STM32F1xx_HAL_Driver/Src/stm32f1xx_hal_tim_ex.o
 .debug_macro   0x000000000001299d      0x1ca Src/DCMotors.o
 .debug_macro   0x0000000000012b67       0xa6 Src/DCMotors.o
 .debug_macro   0x0000000000012c0d       0x40 Src/DCMotors.o
 .debug_macro   0x0000000000012c4d      0x241 Src/PS2Keyboard.o
 .debug_macro   0x0000000000012e8e       0x46 Src/PS2Keyboard.o
 .debug_macro   0x0000000000012ed4       0x18 Src/PS2Keyboard.o
 .debug_macro   0x0000000000012eec       0x3c Src/PS2Keyboard.o
 .debug_macro   0x0000000000012f28       0x3a Src/PS2Keyboard.o
 .debug_macro   0x0000000000012f62       0x35 Src/PS2Keyboard.o
 .debug_macro   0x0000000000012f97      0x460 Src/PS2Keyboard.o
 .debug_macro   0x00000000000133f7      0x192 Src/PS2Keyboard.o
 .debug_macro   0x0000000000013589      0x301 Src/PS2Keyboard.o
 .debug_macro   0x000000000001388a      0x10c Src/brailleMatrix.o
 .debug_macro   0x0000000000013996       0x40 Src/brailleMatrix.o
 .debug_macro   0x00000000000139d6       0x94 Src/brailleMatrix.o
 .debug_macro   0x0000000000013a6a       0x34 Src/brailleMatrix.o
 .debug_macro   0x0000000000013a9e       0x57 Src/brailleMatrix.o
 .debug_macro   0x0000000000013af5       0x52 Src/brailleMatrix.o
 .debug_macro   0x0000000000013b47       0x1f Src/brailleMatrix.o
 .debug_macro   0x0000000000013b66       0x43 Src/brailleMatrix.o
 .debug_macro   0x0000000000013ba9       0x20 Src/brailleMatrix.o
 .debug_macro   0x0000000000013bc9      0x1a3 Src/brailleMatrix.o
 .debug_macro   0x0000000000013d6c      0x330 Src/brailleMatrix.o
 .debug_macro   0x000000000001409c       0x10 Src/brailleMatrix.o
 .debug_macro   0x00000000000140ac       0x20 Src/brailleMatrix.o
 .debug_macro   0x00000000000140cc      0x1a9 Src/gpio.o
 .debug_macro   0x0000000000014275      0x2f5 Src/main.o
 .debug_macro   0x000000000001456a      0x32a Src/main.o
 .debug_macro   0x0000000000014894      0x19f Src/stm32f1xx_hal_msp.o
 .debug_macro   0x0000000000014a33      0x22b Src/stm32f1xx_it.o
 .debug_macro   0x0000000000014c5e      0x196 Src/system_stm32f1xx.o
 .debug_macro   0x0000000000014df4      0x1a9 Src/tim.o

.debug_line     0x0000000000000000     0x8323
 .debug_line    0x0000000000000000      0x7f2 Drivers/STM32F1xx_HAL_Driver/Src/stm32f1xx_hal.o
 .debug_line    0x00000000000007f2      0x8cb Drivers/STM32F1xx_HAL_Driver/Src/stm32f1xx_hal_cortex.o
 .debug_line    0x00000000000010bd      0x7f2 Drivers/STM32F1xx_HAL_Driver/Src/stm32f1xx_hal_gpio.o
 .debug_line    0x00000000000018af      0x8b4 Drivers/STM32F1xx_HAL_Driver/Src/stm32f1xx_hal_rcc.o
 .debug_line    0x0000000000002163     0x16b8 Drivers/STM32F1xx_HAL_Driver/Src/stm32f1xx_hal_tim.o
 .debug_line    0x000000000000381b      0xc05 Drivers/STM32F1xx_HAL_Driver/Src/stm32f1xx_hal_tim_ex.o
 .debug_line    0x0000000000004420      0x6e9 Src/DCMotors.o
 .debug_line    0x0000000000004b09      0x8a8 Src/PS2Keyboard.o
 .debug_line    0x00000000000053b1      0x533 Src/brailleMatrix.o
 .debug_line    0x00000000000058e4      0x62e Src/gpio.o
 .debug_line    0x0000000000005f12      0x8aa Src/main.o
 .debug_line    0x00000000000067bc      0x615 Src/stm32f1xx_hal_msp.o
 .debug_line    0x0000000000006dd1      0x7f9 Src/stm32f1xx_it.o
 .debug_line    0x00000000000075ca      0x645 Src/system_stm32f1xx.o
 .debug_line    0x0000000000007c0f      0x695 Src/tim.o
 .debug_line    0x00000000000082a4       0x7f Startup/startup_stm32f103c8tx.o

.debug_str      0x0000000000000000    0x70faf
 .debug_str     0x0000000000000000    0x6910e Drivers/STM32F1xx_HAL_Driver/Src/stm32f1xx_hal.o
                                      0x69455 (size before relaxing)
 .debug_str     0x000000000006910e      0x326 Drivers/STM32F1xx_HAL_Driver/Src/stm32f1xx_hal_cortex.o
                                      0x69463 (size before relaxing)
 .debug_str     0x0000000000069434      0x3a9 Drivers/STM32F1xx_HAL_Driver/Src/stm32f1xx_hal_gpio.o
                                      0x6918e (size before relaxing)
 .debug_str     0x00000000000697dd      0x373 Drivers/STM32F1xx_HAL_Driver/Src/stm32f1xx_hal_rcc.o
                                      0x691c7 (size before relaxing)
 .debug_str     0x0000000000069b50     0x1176 Drivers/STM32F1xx_HAL_Driver/Src/stm32f1xx_hal_tim.o
                                      0x69f92 (size before relaxing)
 .debug_str     0x000000000006acc6      0x579 Drivers/STM32F1xx_HAL_Driver/Src/stm32f1xx_hal_tim_ex.o
                                      0x69792 (size before relaxing)
 .debug_str     0x000000000006b23f      0x4c8 Src/DCMotors.o
                                      0x69608 (size before relaxing)
 .debug_str     0x000000000006b707     0x2927 Src/PS2Keyboard.o
                                      0x6b968 (size before relaxing)
 .debug_str     0x000000000006e02e     0x2ce0 Src/brailleMatrix.o
                                       0x6401 (size before relaxing)
 .debug_str     0x0000000000070d0e       0x2b Src/gpio.o
                                      0x693c5 (size before relaxing)
 .debug_str     0x0000000000070d39       0xcf Src/main.o
                                      0x6ec35 (size before relaxing)
 .debug_str     0x0000000000070e08       0x1b Src/stm32f1xx_hal_msp.o
                                      0x690a8 (size before relaxing)
 .debug_str     0x0000000000070e23       0xb9 Src/stm32f1xx_it.o
                                      0x6b883 (size before relaxing)
 .debug_str     0x0000000000070edc       0x69 Src/system_stm32f1xx.o
                                      0x68e3f (size before relaxing)
 .debug_str     0x0000000000070f45       0x39 Src/tim.o
                                      0x69606 (size before relaxing)
 .debug_str     0x0000000000070f7e       0x31 Startup/startup_stm32f103c8tx.o
                                         0x69 (size before relaxing)

.comment        0x0000000000000000       0x7b
 .comment       0x0000000000000000       0x7b Drivers/STM32F1xx_HAL_Driver/Src/stm32f1xx_hal.o
                                         0x7c (size before relaxing)
 .comment       0x000000000000007b       0x7c Drivers/STM32F1xx_HAL_Driver/Src/stm32f1xx_hal_cortex.o
 .comment       0x000000000000007b       0x7c Drivers/STM32F1xx_HAL_Driver/Src/stm32f1xx_hal_gpio.o
 .comment       0x000000000000007b       0x7c Drivers/STM32F1xx_HAL_Driver/Src/stm32f1xx_hal_rcc.o
 .comment       0x000000000000007b       0x7c Drivers/STM32F1xx_HAL_Driver/Src/stm32f1xx_hal_tim.o
 .comment       0x000000000000007b       0x7c Drivers/STM32F1xx_HAL_Driver/Src/stm32f1xx_hal_tim_ex.o
 .comment       0x000000000000007b       0x7c Src/DCMotors.o
 .comment       0x000000000000007b       0x7c Src/PS2Keyboard.o
 .comment       0x000000000000007b       0x7c Src/brailleMatrix.o
 .comment       0x000000000000007b       0x7c Src/gpio.o
 .comment       0x000000000000007b       0x7c Src/main.o
 .comment       0x000000000000007b       0x7c Src/stm32f1xx_hal_msp.o
 .comment       0x000000000000007b       0x7c Src/stm32f1xx_it.o
 .comment       0x000000000000007b       0x7c Src/system_stm32f1xx.o
 .comment       0x000000000000007b       0x7c Src/tim.o

.debug_frame    0x0000000000000000     0x2968
 .debug_frame   0x0000000000000000      0x334 Drivers/STM32F1xx_HAL_Driver/Src/stm32f1xx_hal.o
 .debug_frame   0x0000000000000334      0x428 Drivers/STM32F1xx_HAL_Driver/Src/stm32f1xx_hal_cortex.o
 .debug_frame   0x000000000000075c      0x14c Drivers/STM32F1xx_HAL_Driver/Src/stm32f1xx_hal_gpio.o
 .debug_frame   0x00000000000008a8      0x21c Drivers/STM32F1xx_HAL_Driver/Src/stm32f1xx_hal_rcc.o
 .debug_frame   0x0000000000000ac4     0x10e8 Drivers/STM32F1xx_HAL_Driver/Src/stm32f1xx_hal_tim.o
 .debug_frame   0x0000000000001bac      0x5c0 Drivers/STM32F1xx_HAL_Driver/Src/stm32f1xx_hal_tim_ex.o
 .debug_frame   0x000000000000216c      0x138 Src/DCMotors.o
 .debug_frame   0x00000000000022a4      0x164 Src/PS2Keyboard.o
 .debug_frame   0x0000000000002408       0x88 Src/brailleMatrix.o
 .debug_frame   0x0000000000002490       0x34 Src/gpio.o
 .debug_frame   0x00000000000024c4       0x90 Src/main.o
 .debug_frame   0x0000000000002554       0x38 Src/stm32f1xx_hal_msp.o
 .debug_frame   0x000000000000258c      0x128 Src/stm32f1xx_it.o
 .debug_frame   0x00000000000026b4       0x58 Src/system_stm32f1xx.o
 .debug_frame   0x000000000000270c       0xa0 Src/tim.o
 .debug_frame   0x00000000000027ac       0x2c c:/st/stm32cubeide_1.0.2/stm32cubeide/plugins/com.st.stm32cube.ide.mcu.externaltools.gnu-tools-for-stm32.7-2018-q2-update.win32_1.0.0.201904181610/tools/bin/../lib/gcc/arm-none-eabi/7.3.1/../../../../arm-none-eabi/lib/thumb/v7-m\libc_nano.a(lib_a-init.o)
 .debug_frame   0x00000000000027d8       0x20 c:/st/stm32cubeide_1.0.2/stm32cubeide/plugins/com.st.stm32cube.ide.mcu.externaltools.gnu-tools-for-stm32.7-2018-q2-update.win32_1.0.0.201904181610/tools/bin/../lib/gcc/arm-none-eabi/7.3.1/../../../../arm-none-eabi/lib/thumb/v7-m\libc_nano.a(lib_a-memset.o)
 .debug_frame   0x00000000000027f8       0xac c:/st/stm32cubeide_1.0.2/stm32cubeide/plugins/com.st.stm32cube.ide.mcu.externaltools.gnu-tools-for-stm32.7-2018-q2-update.win32_1.0.0.201904181610/tools/bin/../lib/gcc/arm-none-eabi/7.3.1/thumb/v7-m\libgcc.a(_arm_addsubdf3.o)
 .debug_frame   0x00000000000028a4       0xc4 c:/st/stm32cubeide_1.0.2/stm32cubeide/plugins/com.st.stm32cube.ide.mcu.externaltools.gnu-tools-for-stm32.7-2018-q2-update.win32_1.0.0.201904181610/tools/bin/../lib/gcc/arm-none-eabi/7.3.1/thumb/v7-m\libgcc.a(_arm_cmpdf2.o)
